[
  {
    "Name": "sayHello",
    "Description": "Generic function, unknown purpose",
    "Parameters": [],
    "ReturnDescription": ""
  }
]