[
  {
    "Name": "_ItCreateFunctionContractsFromMethod_b__2_0",
    "Description": "",
    "Parameters": [],
    "ReturnType": "System.String, System.Private.CoreLib, Version=8.0.0.0, Culture=neutral, PublicKeyToken=7cec85d7bea7798e",
    "ReturnDescription": ""
  },
  {
    "Name": "_ItCreateFunctionContractsFromMethod_b__2_1",
    "Description": "",
    "Parameters": [
      {
        "Name": "message",
        "Description": "",
        "ParameterType": "System.String, System.Private.CoreLib, Version=8.0.0.0, Culture=neutral, PublicKeyToken=7cec85d7bea7798e",
        "IsRequired": true
      }
    ],
    "ReturnType": "System.String, System.Private.CoreLib, Version=8.0.0.0, Culture=neutral, PublicKeyToken=7cec85d7bea7798e",
    "ReturnDescription": ""
  }
]