{
  "name": "Add",
  "description": "Add function",
  "parameters": {
    "type": "object",
    "properties": {
      "a": {
        "type": "integer",
        "description": "a"
      },
      "b": {
        "type": "integer",
        "description": "b"
      }
    },
    "required": [
      "a",
      "b"
    ]
  }
}